// Jest Snapshot v1, https://goo.gl/fbAQLP

exports[`writes the markdown report 1`] = `
"Images automagically compressed by âœ¨

Compression reduced images by <strong>62.3%</strong>, saving <strong>5.42 KB</strong>.

| Filename | Before | After | Improvement |
| -------- | ------ | ----- | ----------- |
| <code>icon.png</code> | 8.71 KB | 3.28 KB | -62.3% |
| <code>roo.jpg</code> | 474.36 KB | 457.91 KB | -3.6% |


2 images did not require optimisation.

"
`;
